
> openhiggsfield-ai@ build /private/var/folders/wh/rrdr8vl512q19t1pf933hb980000gn/T/openhigsfield-complete-build-k5uwwldx
> next build

▲ Next.js 16.3.3 (Turbopack)
✓ Running next.config.ts took 1639ms

  Creating an optimized production build ...
✓ Compiled successfully in 1466ms
  Running TypeScript ...
  Finished TypeScript in 4.6s ...
  Collecting page data using 9 workers ...
  Generating static pages using 9 workers (0/31) ...
  Generating static pages using 9 workers (7/31)
  Generating static pages using 9 workers (15/31)
  Generating static pages using 9 workers (23/31)
✓ Generating static pages using 9 workers (31/31) in 287ms
  Finalizing page optimization ...

Route (app)
┌ ○ /
├ ○ /_not-found
├ ƒ /account
├ ƒ /account/[section]
├ ƒ /account/library
├ ƒ /admin
├ ƒ /admin/[section]
├ ƒ /admin/results
├ ƒ /api/blob
├ ƒ /api/dev/workflows/[projectId]
├ ƒ /api/workspace/[[...path]]
├ ○ /apple-icon.png
├ ƒ /dev/workflows
├ ○ /help
├   /help/[slug]
│ ├ ● /help/getting-started
│ ├ ● /help/studio-images
│ ├ ● /help/studio-video
│ └ ● [+10 more paths]
├ ○ /icon.svg
├ ○ /login
├ ○ /manifest.webmanifest
├ ƒ /projects
├ ƒ /projects/[id]
├ ƒ /projects/new
├ ○ /robots.txt
├ ƒ /settings
└ ○ /sitemap.xml


ƒ Proxy (Middleware)

○  (Static)   prerendered as static content
●  (SSG)      prerendered as static HTML (uses generateStaticParams)
ƒ  (Dynamic)  server-rendered on demand
